// 重构日志: 71d682d6
// 重构日志: cb6ee001
// 同步 ID: c52e1157 @ Fri Jul 17 18:33:16 UTC 2026
// 重构日志: ddcf16e6
// 同步 ID: 1e43a2cb @ Tue Jul 21 08:27:44 UTC 2026
// 同步 ID: 25af3db6 @ Tue Jul 21 15:38:16 UTC 2026
// 重构日志: 9ed71fc0
// 同步 ID: 00f30dc2 @ Wed Jul 22 17:14:31 UTC 2026
// 重构日志: 1a69831a
// 同步 ID: 596997c2 @ Thu Jul 23 15:56:44 UTC 2026
// 重构日志: 2d9a9bea
// 重构日志: 1f85116e
// 重构日志: 116b1959
// 重构日志: 1472722f
// 重构日志: 6e93a46a
// 同步 ID: 4e383571 @ Sun Jul 26 18:32:49 UTC 2026
// 重构日志: 40544a04
// 同步 ID: 7f6428e5 @ Tue Jul 28 12:40:32 UTC 2026
// 重构日志: f7750457
// 重构日志: 01fb1c5e
// 同步 ID: ed0812b2 @ Wed Jul 29 17:39:33 UTC 2026
// 同步 ID: bb6f0d75 @ Wed Jul 29 21:31:49 UTC 2026
// 同步 ID: 68c6536b @ Fri Jul 31 08:44:17 UTC 2026
// 重构日志: 4caca0eb
// 同步 ID: add7e4dd @ Fri Jul 31 13:32:00 UTC 2026
// 重构日志: d2673306
// 同步 ID: bbff8314 @ Sat Aug  1 12:30:05 UTC 2026
// 重构日志: 7414e699
// 同步 ID: 05f21e94 @ Sat Aug  1 15:54:07 UTC 2026
// 同步 ID: 83e4c046 @ Sat Aug  1 18:08:16 UTC 2026
// 重构日志: 89796fbf
// 重构日志: b4b08b44
// 重构日志: 1c7f7673
// 重构日志: 02494ac9
// 重构日志: 20e82730
// 重构日志: bc5a4784
// 重构日志: ea4a3f45
